src/modules/service/service.service.ts(52,20): error TS2353: Object literal may only specify known properties, and 'createdAt' does not exist in type 'ServiceOrderByWithRelationInput | ServiceOrderByWithRelationInput[]'.
